# [注意]
# 下記の # で始まるコメント行を変更（修正，削除）しないこと．
# 課題Nの回答は，### ExerciseN ### のコメント行の下の領域に記述して下さい．

### ID ### 学籍番号を「NN_NNNNN」のように書いて下さい
17_16210

### Email ### mメールアドレスを書いて下さい
yamane.h.aa@m.titech.ac.jp

### Name ### 氏名を「東工 太郎」のように書いて下さい
山根 初美

### Exercise1 ### 課題1
# 実行結果をまるごとペーストせよ．
In main():  pid=71715, ppid=60840
In child(): pid=71716, ppid=71715
In child(): Process 71716 terminated.
In main():  Process 71715 terminated.


### Exercise2 ### 課題2
# 実装完了したことを示すための適当なコマンドの実行結果をまるごと（myshプロンプト含めて）ペーストせよ．
# 未完部分がある場合は明示せよ．

$ ./mysh -q
mysh[1]% echo foo bar baz
foo bar baz
mysh[2]% sleep 1


### Exercise3 ### 課題3
# 実装完了したことを示すための適当なコマンドの実行結果をまるごと（myshプロンプト含めて）ペーストせよ．
# 未完部分がある場合は明示せよ．

$ ./mysh -q
mysh[1]% echo foo | rev
oof
mysh[2]% echo foo bar baz | rev
zab rab oof


### Exercise4 ### 課題4
# 実装完了したことを示すための適当なコマンドの実行結果をまるごと（myshプロンプト含めて）ペーストせよ．
# 未完部分がある場合は明示せよ．

3$ ./mysh -q
mysh[1]% cat out.txt
foof
bar
bazab
mysh[2]% rev out.txt | cat out.txt - | sort | uniq -c | grep 2 | wc -l
       2
mysh[3]% rev /usr/share/dict/words | cat /usr/share/dict/words - | sort | uniq -c | grep 2 | wc -l
    1091


### Exercise5 ### 課題5
# 実装完了したことを示すための適当なコマンドの実行結果をまるごと（myshプロンプト含めて）ペーストせよ．
# 未完部分がある場合は明示せよ．

$ ./mysh -q
mysh[1]% cat out.txt
foof
bar
bazab
mysh[2]% echo aaaa >> out.txt
mysh[3]% rev < out.txt | cat out.txt - | sort | uniq -c 
   2 aaaa
   1 bar
   2 bazab
   2 foof
   1 rab
mysh[4]% rev < out.txt | cat out.txt - | sort | uniq -c | grep 2 | wc -l > count.txt
mysh[5]% cat count.txt
       3


### ExerciseA ### 発展課題A
# 実装完了したことを示すための適当なコマンドの実行結果をまるごと（myshプロンプト含めて）ペーストせよ．
# 未完部分がある場合は明示せよ．

$ ./mysh -q
mysh[1]% echo foo bar baz > out.txt; cat out.txt; rev out.txt
foo bar baz
zab rab oof


### ExerciseB ### 発展課題B
# 実装完了したことを示すための適当なコマンドの実行結果をまるごと（myshプロンプト含めて）ペーストせよ．
# 未完部分がある場合は明示せよ．

$ ./mysh -q
mysh[1]% true && echo succeeded
succeeded
mysh[2]% true || echo failed && echo succeeded
succeeded
mysh[3]% echo foo && echo bar && echo baz
foo
bar
baz
mysh[4]% echo foo | rev && echo baz
oof
baz
mysh[5]% echo foo | rev || echo baz
oof


### ExerciseC ### 発展課題C
# 実装完了したことを示すための適当なコマンドの実行結果をまるごと（myshプロンプト含めて）ペーストせよ．
# 未完部分がある場合は明示せよ．

実装していない。


### Comment ### 感想（採点対象外，好きに書いて下さい．）



### END ###
